// Jest Snapshot v1, https://goo.gl/fbAQLP

exports[`CheckoutView Should render correctly with mount 1`] = `
"<MemoryRouter>
  <Router history={{...}}>
    <CheckoutView history={{...}} location={{...}} match={{...}} updateAlertBar={[Function: updateAlertBar]} emptyBasket={[Function: emptyBasket]} addToBasket={[Function: addToBasket]} removeFromBasket={[Function: removeFromBasket]} getBasketItems={[Function: getBasketItems]} getTotalBasketPrice={[Function: getTotalBasketPrice]} checkBasketAvailabilities={[Function: checkBasketAvailabilities]} stripePromise={{...}} alert={{...}}>
      <BasePage history={{...}} location={{...}} match={{...}} updateAlertBar={[Function: updateAlertBar]} emptyBasket={[Function: emptyBasket]} addToBasket={[Function: addToBasket]} removeFromBasket={[Function: removeFromBasket]} getBasketItems={[Function: getBasketItems]} getTotalBasketPrice={[Function: getTotalBasketPrice]} checkBasketAvailabilities={[Function: checkBasketAvailabilities]} stripePromise={{...}} alert={{...}}>
        <div className=\\"master\\">
          <img alt=\\"\\" src=\\"/logo_main.png\\" className=\\"logo\\" />
           
          <NavBar>
            <Navbar bg=\\"transparent\\" variant=\\"light\\" expand={true} collapseOnSelect={false}>
              <nav className=\\"navbar navbar-expand navbar-light bg-transparent\\">
                <NavbarCollapse className=\\"justify-content-center\\">
                  <ForwardRef in={false} className=\\"justify-content-center\\" timeout={300} mountOnEnter={false} unmountOnExit={false} appear={false} getDimensionValue={[Function: getDefaultDimensionValue]}>
                    <ForwardRef addEndListener={[Function: transitionEndListener]} in={false} timeout={300} mountOnEnter={false} unmountOnExit={false} appear={false} aria-expanded={{...}} onEnter={[Function (anonymous)]} onEntering={[Function (anonymous)]} onEntered={[Function (anonymous)]} onExit={[Function (anonymous)]} onExiting={[Function (anonymous)]} childRef={{...}}>
                      <Transition in={false} timeout={300} mountOnEnter={false} unmountOnExit={false} appear={false} aria-expanded={{...}} onEnter={[Function (anonymous)]} onEntered={[Function (anonymous)]} onEntering={[Function (anonymous)]} onExit={[Function (anonymous)]} onExited={[Function (anonymous)]} onExiting={[Function (anonymous)]} addEndListener={[Function (anonymous)]} nodeRef={{...}} enter={true} exit={true}>
                        <div className=\\"justify-content-center navbar-collapse collapse\\" aria-expanded={{...}}>
                          <Nav className=\\"mr-auto nav_style\\" justify={false} fill={false}>
                            <ForwardRef as=\\"div\\" activeKey={[undefined]} className=\\"mr-auto nav_style navbar-nav\\" onSelect={[Function (anonymous)]}>
                              <div className=\\"mr-auto nav_style navbar-nav\\" onKeyDown={[Function: handleKeyDown]} role={[undefined]}>
                                <NavItem className=\\"item_style\\">
                                  <div className=\\"item_style nav-item\\">
                                    <NavLink className=\\"nav-link\\" isActive={[Function: isActive]} activeClassName=\\"nav-link active\\" to={{...}}>
                                      <Link aria-current=\\"page\\" className=\\"nav-link nav-link active\\" style={{...}} to={{...}}>
                                        <LinkAnchor aria-current=\\"page\\" className=\\"nav-link nav-link active\\" style={{...}} href=\\"/\\" navigate={[Function: navigate]}>
                                          <a aria-current=\\"page\\" className=\\"nav-link nav-link active\\" style={{...}} href=\\"/\\" onClick={[Function: onClick]}>
                                            Home
                                          </a>
                                        </LinkAnchor>
                                      </Link>
                                    </NavLink>
                                  </div>
                                </NavItem>
                                <NavItem className=\\"item_style\\">
                                  <div className=\\"item_style nav-item\\">
                                    <NavLink className=\\"nav-link\\" activeClassName=\\"nav-link active\\" to={{...}}>
                                      <Link aria-current={{...}} className=\\"nav-link\\" style={[undefined]} to={{...}}>
                                        <LinkAnchor aria-current={{...}} className=\\"nav-link\\" style={[undefined]} href=\\"/browse\\" navigate={[Function: navigate]}>
                                          <a aria-current={{...}} className=\\"nav-link\\" style={[undefined]} href=\\"/browse\\" onClick={[Function: onClick]}>
                                            Browse
                                          </a>
                                        </LinkAnchor>
                                      </Link>
                                    </NavLink>
                                  </div>
                                </NavItem>
                                <NavItem className=\\"item_style\\">
                                  <div className=\\"item_style nav-item\\">
                                    <NavLink className=\\"nav-link\\" activeClassName=\\"nav-link active\\" to={{...}}>
                                      <Link aria-current={{...}} className=\\"nav-link\\" style={[undefined]} to={{...}}>
                                        <LinkAnchor aria-current={{...}} className=\\"nav-link\\" style={[undefined]} href=\\"/ethics\\" navigate={[Function: navigate]}>
                                          <a aria-current={{...}} className=\\"nav-link\\" style={[undefined]} href=\\"/ethics\\" onClick={[Function: onClick]}>
                                            Ethics
                                          </a>
                                        </LinkAnchor>
                                      </Link>
                                    </NavLink>
                                  </div>
                                </NavItem>
                                <NavItem className=\\"item_style\\">
                                  <div className=\\"item_style nav-item\\">
                                    <NavLink className=\\"nav-link nav-right-side\\" activeClassName=\\"nav-link active nav-right-side\\" to={{...}}>
                                      <Link aria-current={{...}} className=\\"nav-link nav-right-side\\" style={[undefined]} to={{...}}>
                                        <LinkAnchor aria-current={{...}} className=\\"nav-link nav-right-side\\" style={[undefined]} href=\\"/login\\" navigate={[Function: navigate]}>
                                          <a aria-current={{...}} className=\\"nav-link nav-right-side\\" style={[undefined]} href=\\"/login\\" onClick={[Function: onClick]}>
                                            Login
                                          </a>
                                        </LinkAnchor>
                                      </Link>
                                    </NavLink>
                                  </div>
                                </NavItem>
                              </div>
                            </ForwardRef>
                          </Nav>
                        </div>
                      </Transition>
                    </ForwardRef>
                  </ForwardRef>
                </NavbarCollapse>
              </nav>
            </Navbar>
          </NavBar>
          <div className=\\"mainbody\\">
            <AlertBar history={{...}} location={{...}} match={{...}} updateAlertBar={[Function: updateAlertBar]} emptyBasket={[Function: emptyBasket]} addToBasket={[Function: addToBasket]} removeFromBasket={[Function: removeFromBasket]} getBasketItems={[Function: getBasketItems]} getTotalBasketPrice={[Function: getTotalBasketPrice]} checkBasketAvailabilities={[Function: checkBasketAvailabilities]} stripePromise={{...}} alert={{...}}>
              <Alert show={true} variant={[undefined]} onClose={[Function (anonymous)]} dismissible={true} transition={{...}} closeLabel=\\"Close alert\\">
                <Fade unmountOnExit={true} in={true} timeout={300} mountOnEnter={false} appear={false}>
                  <ForwardRef addEndListener={[Function: transitionEndListener]} unmountOnExit={true} in={true} timeout={300} mountOnEnter={false} appear={false} onEnter={[Function (anonymous)]} childRef={{...}}>
                    <Transition unmountOnExit={true} in={true} timeout={300} mountOnEnter={false} appear={false} onEnter={[Function (anonymous)]} onEntered={[Function (anonymous)]} onEntering={[Function (anonymous)]} onExit={[Function (anonymous)]} onExited={[Function (anonymous)]} onExiting={[Function (anonymous)]} addEndListener={[Function (anonymous)]} nodeRef={{...}} enter={true} exit={true}>
                      <div role=\\"alert\\" className=\\"fade alert alert-dismissible show\\">
                        <CloseButton onClick={[Function (anonymous)]} aria-label=\\"Close alert\\" variant={[undefined]}>
                          <button type=\\"button\\" className=\\"btn-close\\" onClick={[Function (anonymous)]} aria-label=\\"Close alert\\" />
                        </CloseButton>
                      </div>
                    </Transition>
                  </ForwardRef>
                </Fade>
              </Alert>
            </AlertBar>
            <Row>
              <div className=\\"row\\">
                <Col>
                  <div className=\\"col\\">
                    <h1>
                      Checkout
                    </h1>
                  </div>
                </Col>
              </div>
            </Row>
            <div />
            <div style={{...}}>
              <Row>
                <div className=\\"row\\">
                  <Col>
                    <div className=\\"col\\">
                      <span>
                        Total
                      </span>
                    </div>
                  </Col>
                  <Col>
                    <div className=\\"col\\">
                      <span style={{...}}>
                        £
                        0.00
                      </span>
                    </div>
                  </Col>
                </div>
              </Row>
            </div>
            <Elements stripe={{...}}>
              <InjectedCheckoutForm history={{...}} location={{...}} match={{...}} updateAlertBar={[Function: updateAlertBar]} emptyBasket={[Function: emptyBasket]} addToBasket={[Function: addToBasket]} removeFromBasket={[Function: removeFromBasket]} getBasketItems={[Function: getBasketItems]} getTotalBasketPrice={[Function: getTotalBasketPrice]} checkBasketAvailabilities={[Function: checkBasketAvailabilities]} stripePromise={{...}} alert={{...}} basketItems={{...}} totalValue={0}>
                <ElementsConsumer>
                  <NouviqueStripeCheckoutForm elements={{...}} stripe={{...}} history={{...}} location={{...}} match={{...}} updateAlertBar={[Function: updateAlertBar]} emptyBasket={[Function: emptyBasket]} addToBasket={[Function: addToBasket]} removeFromBasket={[Function: removeFromBasket]} getBasketItems={[Function: getBasketItems]} getTotalBasketPrice={[Function: getTotalBasketPrice]} checkBasketAvailabilities={[Function: checkBasketAvailabilities]} stripePromise={{...}} alert={{...}} basketItems={{...}} totalValue={0}>
                    <div style={{...}}>
                      <Form onSubmit={[Function (anonymous)]}>
                        <form onSubmit={[Function (anonymous)]} className=\\"\\">
                          <InputGroup>
                            <div className=\\"input-group\\">
                              <FormControl required={true} type=\\"text\\" id=\\"cardHolder\\" value=\\"\\" placeholder=\\"Cardholder\\\\'s name\\" onChange={[Function: onChange]}>
                                <input required={true} value=\\"\\" placeholder=\\"Cardholder\\\\'s name\\" onChange={[Function: onChange]} type=\\"text\\" size={[undefined]} readOnly={[undefined]} id=\\"cardHolder\\" className=\\"form-control\\" />
                              </FormControl>
                            </div>
                          </InputGroup>
                          <FormGroup>
                            <div>
                              <CardElement options={{...}}>
                                <div id={[undefined]} className={[undefined]} />
                              </CardElement>
                            </div>
                          </FormGroup>
                          <FormGroup>
                            <div>
                              <Button type=\\"submit\\" disabled={true} variant=\\"outline-success\\" style={{...}} active={false}>
                                <button disabled={true} style={{...}} type=\\"submit\\" className=\\"btn btn-outline-success\\">
                                  Pay
                                </button>
                              </Button>
                            </div>
                          </FormGroup>
                        </form>
                      </Form>
                    </div>
                  </NouviqueStripeCheckoutForm>
                </ElementsConsumer>
              </InjectedCheckoutForm>
            </Elements>
          </div>
        </div>
        <footer className=\\"footer py-3 text-black\\">
          <div />
          <Container fluid={false}>
            <div className=\\"container\\">
              <Row>
                <div className=\\"row\\">
                  <Col>
                    <div className=\\"col\\">
                      Nouvique 2021 v
                      0.22.0
                    </div>
                  </Col>
                  <Col>
                    <div className=\\"col\\">
                      <div style={{...}}>
                        <Link to=\\"/support\\">
                          <LinkAnchor href=\\"/support\\" navigate={[Function: navigate]}>
                            <a href=\\"/support\\" onClick={[Function: onClick]}>
                              Support
                            </a>
                          </LinkAnchor>
                        </Link>
                      </div>
                    </div>
                  </Col>
                </div>
              </Row>
            </div>
          </Container>
        </footer>
      </BasePage>
    </CheckoutView>
  </Router>
</MemoryRouter>"
`;

exports[`CheckoutView Should render correctly with shallow 1`] = `
"<Fragment>
  <BasePage history={{...}} location={{...}} match={{...}} updateAlertBar={[Function: updateAlertBar]} emptyBasket={[Function: emptyBasket]} addToBasket={[Function: addToBasket]} removeFromBasket={[Function: removeFromBasket]} getBasketItems={[Function: getBasketItems]} getTotalBasketPrice={[Function: getTotalBasketPrice]} checkBasketAvailabilities={[Function: checkBasketAvailabilities]} stripePromise={{...}} alert={{...}}>
    <Row>
      <Col>
        <h1>
          Checkout
        </h1>
      </Col>
    </Row>
    <div />
    <div style={{...}}>
      <Row>
        <Col>
          <span>
            Total
          </span>
        </Col>
        <Col>
          <span style={{...}}>
            £
            0.00
          </span>
        </Col>
      </Row>
    </div>
    <Elements stripe={{...}}>
      <InjectedCheckoutForm history={{...}} location={{...}} match={{...}} updateAlertBar={[Function: updateAlertBar]} emptyBasket={[Function: emptyBasket]} addToBasket={[Function: addToBasket]} removeFromBasket={[Function: removeFromBasket]} getBasketItems={[Function: getBasketItems]} getTotalBasketPrice={[Function: getTotalBasketPrice]} checkBasketAvailabilities={[Function: checkBasketAvailabilities]} stripePromise={{...}} alert={{...}} basketItems={{...}} totalValue={0} />
    </Elements>
  </BasePage>
</Fragment>"
`;
