// Jest Snapshot v1, https://goo.gl/fbAQLP

exports[`SupportView Should render correctly with mount 1`] = `
"<MemoryRouter>
  <Router history={{...}}>
    <SupportView history={{...}} location={{...}} match={{...}} updateAlertBar={[Function: updateAlertBar]} emptyBasket={[Function: emptyBasket]} addToBasket={[Function: addToBasket]} removeFromBasket={[Function: removeFromBasket]} getBasketItems={[Function: getBasketItems]} getTotalBasketPrice={[Function: getTotalBasketPrice]} checkBasketAvailabilities={[Function: checkBasketAvailabilities]} stripePromise={{...}} alert={{...}}>
      <BasePage history={{...}} location={{...}} match={{...}} updateAlertBar={[Function: updateAlertBar]} emptyBasket={[Function: emptyBasket]} addToBasket={[Function: addToBasket]} removeFromBasket={[Function: removeFromBasket]} getBasketItems={[Function: getBasketItems]} getTotalBasketPrice={[Function: getTotalBasketPrice]} checkBasketAvailabilities={[Function: checkBasketAvailabilities]} stripePromise={{...}} alert={{...}}>
        <div className=\\"master\\">
          <img alt=\\"\\" src=\\"/logo_main.png\\" className=\\"logo\\" />
           
          <NavBar>
            <Navbar bg=\\"transparent\\" variant=\\"light\\" expand={true} collapseOnSelect={false}>
              <nav className=\\"navbar navbar-expand navbar-light bg-transparent\\">
                <NavbarCollapse className=\\"justify-content-center\\">
                  <ForwardRef in={false} className=\\"justify-content-center\\" timeout={300} mountOnEnter={false} unmountOnExit={false} appear={false} getDimensionValue={[Function: getDefaultDimensionValue]}>
                    <ForwardRef addEndListener={[Function: transitionEndListener]} in={false} timeout={300} mountOnEnter={false} unmountOnExit={false} appear={false} aria-expanded={{...}} onEnter={[Function (anonymous)]} onEntering={[Function (anonymous)]} onEntered={[Function (anonymous)]} onExit={[Function (anonymous)]} onExiting={[Function (anonymous)]} childRef={{...}}>
                      <Transition in={false} timeout={300} mountOnEnter={false} unmountOnExit={false} appear={false} aria-expanded={{...}} onEnter={[Function (anonymous)]} onEntered={[Function (anonymous)]} onEntering={[Function (anonymous)]} onExit={[Function (anonymous)]} onExited={[Function (anonymous)]} onExiting={[Function (anonymous)]} addEndListener={[Function (anonymous)]} nodeRef={{...}} enter={true} exit={true}>
                        <div className=\\"justify-content-center navbar-collapse collapse\\" aria-expanded={{...}}>
                          <Nav className=\\"mr-auto nav_style\\" justify={false} fill={false}>
                            <ForwardRef as=\\"div\\" activeKey={[undefined]} className=\\"mr-auto nav_style navbar-nav\\" onSelect={[Function (anonymous)]}>
                              <div className=\\"mr-auto nav_style navbar-nav\\" onKeyDown={[Function: handleKeyDown]} role={[undefined]}>
                                <NavItem className=\\"item_style\\">
                                  <div className=\\"item_style nav-item\\">
                                    <NavLink className=\\"nav-link\\" isActive={[Function: isActive]} activeClassName=\\"nav-link active\\" to={{...}}>
                                      <Link aria-current=\\"page\\" className=\\"nav-link nav-link active\\" style={{...}} to={{...}}>
                                        <LinkAnchor aria-current=\\"page\\" className=\\"nav-link nav-link active\\" style={{...}} href=\\"/\\" navigate={[Function: navigate]}>
                                          <a aria-current=\\"page\\" className=\\"nav-link nav-link active\\" style={{...}} href=\\"/\\" onClick={[Function: onClick]}>
                                            Home
                                          </a>
                                        </LinkAnchor>
                                      </Link>
                                    </NavLink>
                                  </div>
                                </NavItem>
                                <NavItem className=\\"item_style\\">
                                  <div className=\\"item_style nav-item\\">
                                    <NavLink className=\\"nav-link\\" activeClassName=\\"nav-link active\\" to={{...}}>
                                      <Link aria-current={{...}} className=\\"nav-link\\" style={[undefined]} to={{...}}>
                                        <LinkAnchor aria-current={{...}} className=\\"nav-link\\" style={[undefined]} href=\\"/browse\\" navigate={[Function: navigate]}>
                                          <a aria-current={{...}} className=\\"nav-link\\" style={[undefined]} href=\\"/browse\\" onClick={[Function: onClick]}>
                                            Browse
                                          </a>
                                        </LinkAnchor>
                                      </Link>
                                    </NavLink>
                                  </div>
                                </NavItem>
                                <NavItem className=\\"item_style\\">
                                  <div className=\\"item_style nav-item\\">
                                    <NavLink className=\\"nav-link\\" activeClassName=\\"nav-link active\\" to={{...}}>
                                      <Link aria-current={{...}} className=\\"nav-link\\" style={[undefined]} to={{...}}>
                                        <LinkAnchor aria-current={{...}} className=\\"nav-link\\" style={[undefined]} href=\\"/ethics\\" navigate={[Function: navigate]}>
                                          <a aria-current={{...}} className=\\"nav-link\\" style={[undefined]} href=\\"/ethics\\" onClick={[Function: onClick]}>
                                            Ethics
                                          </a>
                                        </LinkAnchor>
                                      </Link>
                                    </NavLink>
                                  </div>
                                </NavItem>
                                <NavItem className=\\"item_style\\">
                                  <div className=\\"item_style nav-item\\">
                                    <NavLink className=\\"nav-link nav-right-side\\" activeClassName=\\"nav-link active nav-right-side\\" to={{...}}>
                                      <Link aria-current={{...}} className=\\"nav-link nav-right-side\\" style={[undefined]} to={{...}}>
                                        <LinkAnchor aria-current={{...}} className=\\"nav-link nav-right-side\\" style={[undefined]} href=\\"/login\\" navigate={[Function: navigate]}>
                                          <a aria-current={{...}} className=\\"nav-link nav-right-side\\" style={[undefined]} href=\\"/login\\" onClick={[Function: onClick]}>
                                            Login
                                          </a>
                                        </LinkAnchor>
                                      </Link>
                                    </NavLink>
                                  </div>
                                </NavItem>
                              </div>
                            </ForwardRef>
                          </Nav>
                        </div>
                      </Transition>
                    </ForwardRef>
                  </ForwardRef>
                </NavbarCollapse>
              </nav>
            </Navbar>
          </NavBar>
          <div className=\\"mainbody\\">
            <AlertBar history={{...}} location={{...}} match={{...}} updateAlertBar={[Function: updateAlertBar]} emptyBasket={[Function: emptyBasket]} addToBasket={[Function: addToBasket]} removeFromBasket={[Function: removeFromBasket]} getBasketItems={[Function: getBasketItems]} getTotalBasketPrice={[Function: getTotalBasketPrice]} checkBasketAvailabilities={[Function: checkBasketAvailabilities]} stripePromise={{...}} alert={{...}}>
              <Alert show={true} variant={[undefined]} onClose={[Function (anonymous)]} dismissible={true} transition={{...}} closeLabel=\\"Close alert\\">
                <Fade unmountOnExit={true} in={true} timeout={300} mountOnEnter={false} appear={false}>
                  <ForwardRef addEndListener={[Function: transitionEndListener]} unmountOnExit={true} in={true} timeout={300} mountOnEnter={false} appear={false} onEnter={[Function (anonymous)]} childRef={{...}}>
                    <Transition unmountOnExit={true} in={true} timeout={300} mountOnEnter={false} appear={false} onEnter={[Function (anonymous)]} onEntered={[Function (anonymous)]} onEntering={[Function (anonymous)]} onExit={[Function (anonymous)]} onExited={[Function (anonymous)]} onExiting={[Function (anonymous)]} addEndListener={[Function (anonymous)]} nodeRef={{...}} enter={true} exit={true}>
                      <div role=\\"alert\\" className=\\"fade alert alert-dismissible show\\">
                        <CloseButton onClick={[Function (anonymous)]} aria-label=\\"Close alert\\" variant={[undefined]}>
                          <button type=\\"button\\" className=\\"btn-close\\" onClick={[Function (anonymous)]} aria-label=\\"Close alert\\" />
                        </CloseButton>
                      </div>
                    </Transition>
                  </ForwardRef>
                </Fade>
              </Alert>
            </AlertBar>
            <Row>
              <div className=\\"row\\">
                <Col>
                  <div className=\\"col\\">
                    <h2>
                      Contact us.
                    </h2>
                  </div>
                </Col>
              </div>
            </Row>
            <Row>
              <div className=\\"row\\">
                <Col>
                  <div className=\\"col\\">
                    <p>
                      If it is necessary to contact us, for a technical issue or just answering some questions, please contact us using our email:
                    </p>
                    <p>
                      <a href=\\"mailto:nouvique.site@gmail.com\\">
                        nouvique.site@gmail.com
                      </a>
                    </p>
                  </div>
                </Col>
              </div>
            </Row>
          </div>
        </div>
        <footer className=\\"footer py-3 text-black\\">
          <div />
          <Container fluid={false}>
            <div className=\\"container\\">
              <Row>
                <div className=\\"row\\">
                  <Col>
                    <div className=\\"col\\">
                      Nouvique 2021 v
                      0.22.0
                    </div>
                  </Col>
                  <Col>
                    <div className=\\"col\\">
                      <div style={{...}}>
                        <Link to=\\"/support\\">
                          <LinkAnchor href=\\"/support\\" navigate={[Function: navigate]}>
                            <a href=\\"/support\\" onClick={[Function: onClick]}>
                              Support
                            </a>
                          </LinkAnchor>
                        </Link>
                      </div>
                    </div>
                  </Col>
                </div>
              </Row>
            </div>
          </Container>
        </footer>
      </BasePage>
    </SupportView>
  </Router>
</MemoryRouter>"
`;

exports[`SupportView Should render correctly with shallow 1`] = `
"<BasePage history={{...}} location={{...}} match={{...}} updateAlertBar={[Function: updateAlertBar]} emptyBasket={[Function: emptyBasket]} addToBasket={[Function: addToBasket]} removeFromBasket={[Function: removeFromBasket]} getBasketItems={[Function: getBasketItems]} getTotalBasketPrice={[Function: getTotalBasketPrice]} checkBasketAvailabilities={[Function: checkBasketAvailabilities]} stripePromise={{...}} alert={{...}}>
  <Row>
    <Col>
      <h2>
        Contact us.
      </h2>
    </Col>
  </Row>
  <Row>
    <Col>
      <p>
        If it is necessary to contact us, for a technical issue or just answering some questions, please contact us using our email:
      </p>
      <p>
        <a href=\\"mailto:nouvique.site@gmail.com\\">
          nouvique.site@gmail.com
        </a>
      </p>
    </Col>
  </Row>
</BasePage>"
`;
